// Jest Snapshot v1, https://goo.gl/fbAQLP

exports[`snapshot 1`] = `
<div>
  <a
    href="/details/undefined"
    onClick={[Function]}
  >
    <h1 />
  </a>
  <div />
  <a
    href="mailto:"
  >
    
  </a>
  <address
    className="normal-style"
  >
    
     
    
     
    <br />
    
    , 
    FL
    , 
    
  </address>
</div>
`;
