// Jest Snapshot v1, https://goo.gl/fbAQLP

exports[`<UserTableRow /> renders correctly 1`] = `
<tr>
  <td
    className="cell-border text-align-left small-padding-top small-padding-right small-padding-left small-padding-bottom"
  >
    <a
      href="/details/1"
      onClick={[Function]}
    >
      <h1>
        Leanne Graham
      </h1>
    </a>
  </td>
  <td
    className="cell-border text-align-left small-padding-top small-padding-right small-padding-left small-padding-bottom"
  >
    Bret
  </td>
  <td
    className="cell-border text-align-left small-padding-top small-padding-right small-padding-left small-padding-bottom"
  >
    <a
      href="mailto:Sincere@april.biz"
      title="Sincere@april.biz"
    >
      Sincere@april.biz
    </a>
  </td>
  <td
    className="cell-border text-align-left small-padding-top small-padding-right small-padding-left small-padding-bottom"
  >
    <address
      className="normal-style"
    >
      Kulas Light
       
      Apt. 556
       
      <br />
      Gwenborough
      , 
      FL
      , 
      
    </address>
  </td>
</tr>
`;
